// Vitest Snapshot v1, https://vitest.dev/guide/snapshot.html

exports[`Move graph-equivalence regression guard (coin fixture) > matches the committed graph snapshot (nodes + edges) 1`] = `
{
  "edges": [
    "File:sources/coin.move	CONTAINS	Module:sources/coin.move:0xa::coin	move-module-in-file",
    "File:sources/coin.move	CONTAINS	Module:sources/coin.move:0xa::coin_admin	move-module-in-file",
    "Folder:sources	CONTAINS	File:sources/coin.move	",
    "Function:sources/coin.move:0xa::coin::balance_of	ACQUIRES	Struct:sources/coin.move:0xa::coin::CoinStore	move-acquires",
    "Function:sources/coin.move:0xa::coin::balance_of	ENTRY_POINT_OF	Module:sources/coin.move:0xa::coin	move-view-function",
    "Function:sources/coin.move:0xa::coin::balance_of	READS_RESOURCE	Struct:sources/coin.move:0xa::coin::CoinStore	move-reads_resource",
    "Function:sources/coin.move:0xa::coin::burn_internal	ACQUIRES	Struct:sources/coin.move:0xa::coin::CoinStore	move-acquires",
    "Function:sources/coin.move:0xa::coin::burn_internal	READS_RESOURCE	Struct:sources/coin.move:0xa::coin::CoinStore	move-reads_resource",
    "Function:sources/coin.move:0xa::coin::burn_internal	USES_TYPE	Struct:sources/coin.move:0xa::coin::CoinStore	move-fn-return-type",
    "Function:sources/coin.move:0xa::coin::burn_internal	WRITES_RESOURCE	Struct:sources/coin.move:0xa::coin::CoinStore	move-writes_resource",
    "Function:sources/coin.move:0xa::coin::mint_internal	ACQUIRES	Struct:sources/coin.move:0xa::coin::CoinStore	move-acquires",
    "Function:sources/coin.move:0xa::coin::mint_internal	READS_RESOURCE	Struct:sources/coin.move:0xa::coin::CoinStore	move-reads_resource",
    "Function:sources/coin.move:0xa::coin::mint_internal	WRITES_RESOURCE	Struct:sources/coin.move:0xa::coin::CoinStore	move-writes_resource",
    "Function:sources/coin.move:0xa::coin::register	ENTRY_POINT_OF	Module:sources/coin.move:0xa::coin	move-entry-function",
    "Function:sources/coin.move:0xa::coin::register	WRITES_RESOURCE	Struct:sources/coin.move:0xa::coin::CoinStore	move-writes_resource",
    "Function:sources/coin.move:0xa::coin::transfer	ACQUIRES	Struct:sources/coin.move:0xa::coin::CoinStore	move-acquires",
    "Function:sources/coin.move:0xa::coin::transfer	ENTRY_POINT_OF	Module:sources/coin.move:0xa::coin	move-entry-function",
    "Function:sources/coin.move:0xa::coin::transfer	READS_RESOURCE	Struct:sources/coin.move:0xa::coin::CoinStore	move-reads_resource",
    "Function:sources/coin.move:0xa::coin::transfer	WRITES_RESOURCE	Struct:sources/coin.move:0xa::coin::CoinStore	move-writes_resource",
    "Function:sources/coin.move:0xa::coin_admin::mint	CALLS	Function:sources/coin.move:0xa::coin::mint_internal	move-compiler-call-graph",
    "Module:sources/coin.move:0xa::coin	DEFINES	Const:sources/coin.move:0xa::coin::E_INSUFFICIENT_BALANCE	move-module-defines-const",
    "Module:sources/coin.move:0xa::coin	DEFINES	Const:sources/coin.move:0xa::coin::E_NOT_REGISTERED	move-module-defines-const",
    "Module:sources/coin.move:0xa::coin	DEFINES	Function:sources/coin.move:0xa::coin::balance_of	move-module-defines-function",
    "Module:sources/coin.move:0xa::coin	DEFINES	Function:sources/coin.move:0xa::coin::burn_internal	move-module-defines-function",
    "Module:sources/coin.move:0xa::coin	DEFINES	Function:sources/coin.move:0xa::coin::mint_internal	move-module-defines-function",
    "Module:sources/coin.move:0xa::coin	DEFINES	Function:sources/coin.move:0xa::coin::register	move-module-defines-function",
    "Module:sources/coin.move:0xa::coin	DEFINES	Function:sources/coin.move:0xa::coin::transfer	move-module-defines-function",
    "Module:sources/coin.move:0xa::coin	DEFINES	Struct:sources/coin.move:0xa::coin::CoinStore	move-module-defines-struct",
    "Module:sources/coin.move:0xa::coin	DEFINES	Struct:sources/coin.move:0xa::coin::TransferEvent	move-module-defines-struct",
    "Module:sources/coin.move:0xa::coin	FRIEND_OF	Module:sources/coin.move:0xa::coin_admin	move-friend-or-package",
    "Module:sources/coin.move:0xa::coin_admin	DEFINES	Function:sources/coin.move:0xa::coin_admin::mint	move-module-defines-function",
    "Struct:sources/coin.move:0xa::coin::CoinStore	HAS_PROPERTY	Property:sources/coin.move:0xa::coin::CoinStore.balance	move-struct-has-field",
    "Struct:sources/coin.move:0xa::coin::TransferEvent	HAS_PROPERTY	Property:sources/coin.move:0xa::coin::TransferEvent.amount	move-struct-has-field",
    "Struct:sources/coin.move:0xa::coin::TransferEvent	HAS_PROPERTY	Property:sources/coin.move:0xa::coin::TransferEvent.from	move-struct-has-field",
    "Struct:sources/coin.move:0xa::coin::TransferEvent	HAS_PROPERTY	Property:sources/coin.move:0xa::coin::TransferEvent.to	move-struct-has-field",
  ],
  "nodes": [
    "Const:sources/coin.move:0xa::coin::E_INSUFFICIENT_BALANCE	Const",
    "Const:sources/coin.move:0xa::coin::E_NOT_REGISTERED	Const",
    "File:Move.toml	File",
    "File:sources/coin.move	File",
    "Folder:sources	Folder",
    "Function:sources/coin.move:0xa::coin::balance_of	Function",
    "Function:sources/coin.move:0xa::coin::burn_internal	Function",
    "Function:sources/coin.move:0xa::coin::mint_internal	Function",
    "Function:sources/coin.move:0xa::coin::register	Function",
    "Function:sources/coin.move:0xa::coin::transfer	Function",
    "Function:sources/coin.move:0xa::coin_admin::mint	Function",
    "Module:sources/coin.move:0xa::coin	Module",
    "Module:sources/coin.move:0xa::coin_admin	Module",
    "Property:sources/coin.move:0xa::coin::CoinStore.balance	Property",
    "Property:sources/coin.move:0xa::coin::TransferEvent.amount	Property",
    "Property:sources/coin.move:0xa::coin::TransferEvent.from	Property",
    "Property:sources/coin.move:0xa::coin::TransferEvent.to	Property",
    "Struct:sources/coin.move:0xa::coin::CoinStore	Struct",
    "Struct:sources/coin.move:0xa::coin::TransferEvent	Struct",
  ],
}
`;
